[2023-03-26T22:02:07.917+0800][gc,heap] Heap region size: 1M
[2023-03-26T22:02:07.921+0800][gc     ] Using G1
[2023-03-26T22:02:07.921+0800][gc,heap,coops] Heap address: 0x00000000e0000000, size: 512 MB, Compressed Oops mode: 32-bit
[2023-03-26T22:02:07.921+0800][gc,cds       ] Mark closed archive regions in map: [0x00000000ffe00000, 0x00000000ffe6aff8]
[2023-03-26T22:02:07.921+0800][gc,cds       ] Mark open archive regions in map: [0x00000000ffc00000, 0x00000000ffc47ff8]
[2023-03-26T22:02:08.572+0800][gc,start     ] GC(0) Pause Young (Normal) (G1 Evacuation Pause)
[2023-03-26T22:02:08.572+0800][gc,task      ] GC(0) Using 12 workers of 13 for evacuation
[2023-03-26T22:02:08.578+0800][gc,phases    ] GC(0)   Pre Evacuate Collection Set: 0.0ms
[2023-03-26T22:02:08.578+0800][gc,phases    ] GC(0)   Evacuate Collection Set: 4.6ms
[2023-03-26T22:02:08.578+0800][gc,phases    ] GC(0)   Post Evacuate Collection Set: 1.1ms
[2023-03-26T22:02:08.578+0800][gc,phases    ] GC(0)   Other: 0.6ms
[2023-03-26T22:02:08.578+0800][gc,heap      ] GC(0) Eden regions: 256->0(250)
[2023-03-26T22:02:08.578+0800][gc,heap      ] GC(0) Survivor regions: 0->6(32)
[2023-03-26T22:02:08.578+0800][gc,heap      ] GC(0) Old regions: 2->2
[2023-03-26T22:02:08.578+0800][gc,heap      ] GC(0) Humongous regions: 0->0
[2023-03-26T22:02:08.578+0800][gc,metaspace ] GC(0) Metaspace: 14576K(15360K)->14576K(15360K) NonClass: 12816K(13312K)->12816K(13312K) Class: 1760K(2048K)->1760K(2048K)
[2023-03-26T22:02:08.578+0800][gc           ] GC(0) Pause Young (Normal) (G1 Evacuation Pause) 256M->6M(512M) 6.421ms
[2023-03-26T22:02:08.578+0800][gc,cpu       ] GC(0) User=0.10s Sys=0.00s Real=0.01s
[2023-03-26T22:02:08.784+0800][gc,start     ] GC(1) Pause Young (Concurrent Start) (Metadata GC Threshold)
[2023-03-26T22:02:08.784+0800][gc,task      ] GC(1) Using 12 workers of 13 for evacuation
[2023-03-26T22:02:08.789+0800][gc,phases    ] GC(1)   Pre Evacuate Collection Set: 0.0ms
[2023-03-26T22:02:08.789+0800][gc,phases    ] GC(1)   Evacuate Collection Set: 4.8ms
[2023-03-26T22:02:08.789+0800][gc,phases    ] GC(1)   Post Evacuate Collection Set: 0.4ms
[2023-03-26T22:02:08.789+0800][gc,phases    ] GC(1)   Other: 0.2ms
[2023-03-26T22:02:08.789+0800][gc,heap      ] GC(1) Eden regions: 156->0(248)
[2023-03-26T22:02:08.789+0800][gc,heap      ] GC(1) Survivor regions: 6->8(32)
[2023-03-26T22:02:08.789+0800][gc,heap      ] GC(1) Old regions: 2->2
[2023-03-26T22:02:08.789+0800][gc,heap      ] GC(1) Humongous regions: 0->0
[2023-03-26T22:02:08.789+0800][gc,metaspace ] GC(1) Metaspace: 20489K(21248K)->20489K(21248K) NonClass: 18000K(18432K)->18000K(18432K) Class: 2489K(2816K)->2489K(2816K)
[2023-03-26T22:02:08.789+0800][gc           ] GC(1) Pause Young (Concurrent Start) (Metadata GC Threshold) 162M->8M(512M) 5.390ms
[2023-03-26T22:02:08.789+0800][gc,cpu       ] GC(1) User=0.07s Sys=0.02s Real=0.01s
[2023-03-26T22:02:08.789+0800][gc           ] GC(2) Concurrent Cycle
[2023-03-26T22:02:08.789+0800][gc,marking   ] GC(2) Concurrent Clear Claimed Marks
[2023-03-26T22:02:08.789+0800][gc,marking   ] GC(2) Concurrent Clear Claimed Marks 0.035ms
[2023-03-26T22:02:08.789+0800][gc,marking   ] GC(2) Concurrent Scan Root Regions
[2023-03-26T22:02:08.791+0800][gc,marking   ] GC(2) Concurrent Scan Root Regions 1.602ms
[2023-03-26T22:02:08.791+0800][gc,marking   ] GC(2) Concurrent Mark (0.875s)
[2023-03-26T22:02:08.791+0800][gc,marking   ] GC(2) Concurrent Mark From Roots
[2023-03-26T22:02:08.791+0800][gc,task      ] GC(2) Using 3 workers of 3 for marking
[2023-03-26T22:02:08.792+0800][gc,marking   ] GC(2) Concurrent Mark From Roots 0.822ms
[2023-03-26T22:02:08.792+0800][gc,marking   ] GC(2) Concurrent Preclean
[2023-03-26T22:02:08.792+0800][gc,marking   ] GC(2) Concurrent Preclean 0.047ms
[2023-03-26T22:02:08.792+0800][gc,marking   ] GC(2) Concurrent Mark (0.875s, 0.876s) 0.892ms
[2023-03-26T22:02:08.792+0800][gc,start     ] GC(2) Pause Remark
[2023-03-26T22:02:08.793+0800][gc,stringtable] GC(2) Cleaned string and symbol table, strings: 7756 processed, 0 removed, symbols: 54817 processed, 117 removed
[2023-03-26T22:02:08.793+0800][gc            ] GC(2) Pause Remark 10M->10M(512M) 1.404ms
[2023-03-26T22:02:08.793+0800][gc,cpu        ] GC(2) User=0.03s Sys=0.00s Real=0.00s
[2023-03-26T22:02:08.793+0800][gc,marking    ] GC(2) Concurrent Rebuild Remembered Sets
[2023-03-26T22:02:08.794+0800][gc,marking    ] GC(2) Concurrent Rebuild Remembered Sets 0.412ms
[2023-03-26T22:02:08.794+0800][gc,start      ] GC(2) Pause Cleanup
[2023-03-26T22:02:08.794+0800][gc            ] GC(2) Pause Cleanup 10M->10M(512M) 0.071ms
[2023-03-26T22:02:08.794+0800][gc,cpu        ] GC(2) User=0.00s Sys=0.00s Real=0.00s
[2023-03-26T22:02:08.794+0800][gc,marking    ] GC(2) Concurrent Cleanup for Next Mark
[2023-03-26T22:02:08.795+0800][gc,marking    ] GC(2) Concurrent Cleanup for Next Mark 0.916ms
[2023-03-26T22:02:08.795+0800][gc            ] GC(2) Concurrent Cycle 5.606ms
[2023-03-26T22:02:09.230+0800][gc,start      ] GC(3) Pause Young (Normal) (G1 Evacuation Pause)
[2023-03-26T22:02:09.230+0800][gc,task       ] GC(3) Using 12 workers of 13 for evacuation
[2023-03-26T22:02:09.234+0800][gc,phases     ] GC(3)   Pre Evacuate Collection Set: 0.0ms
[2023-03-26T22:02:09.234+0800][gc,phases     ] GC(3)   Evacuate Collection Set: 3.8ms
[2023-03-26T22:02:09.234+0800][gc,phases     ] GC(3)   Post Evacuate Collection Set: 0.4ms
[2023-03-26T22:02:09.234+0800][gc,phases     ] GC(3)   Other: 0.1ms
[2023-03-26T22:02:09.234+0800][gc,heap       ] GC(3) Eden regions: 248->0(244)
[2023-03-26T22:02:09.234+0800][gc,heap       ] GC(3) Survivor regions: 8->12(32)
[2023-03-26T22:02:09.234+0800][gc,heap       ] GC(3) Old regions: 2->2
[2023-03-26T22:02:09.234+0800][gc,heap       ] GC(3) Humongous regions: 0->0
[2023-03-26T22:02:09.234+0800][gc,metaspace  ] GC(3) Metaspace: 24163K(25216K)->24163K(25216K) NonClass: 21273K(22016K)->21273K(22016K) Class: 2889K(3200K)->2889K(3200K)
[2023-03-26T22:02:09.234+0800][gc            ] GC(3) Pause Young (Normal) (G1 Evacuation Pause) 256M->12M(512M) 4.429ms
[2023-03-26T22:02:09.234+0800][gc,cpu        ] GC(3) User=0.05s Sys=0.00s Real=0.00s
[2023-03-26T22:02:09.426+0800][gc,start      ] GC(4) Pause Young (Normal) (G1 Evacuation Pause)
[2023-03-26T22:02:09.426+0800][gc,task       ] GC(4) Using 12 workers of 13 for evacuation
[2023-03-26T22:02:09.431+0800][gc,phases     ] GC(4)   Pre Evacuate Collection Set: 0.0ms
[2023-03-26T22:02:09.431+0800][gc,phases     ] GC(4)   Evacuate Collection Set: 3.8ms
[2023-03-26T22:02:09.431+0800][gc,phases     ] GC(4)   Post Evacuate Collection Set: 0.4ms
[2023-03-26T22:02:09.431+0800][gc,phases     ] GC(4)   Other: 0.1ms
[2023-03-26T22:02:09.431+0800][gc,heap       ] GC(4) Eden regions: 244->0(242)
[2023-03-26T22:02:09.431+0800][gc,heap       ] GC(4) Survivor regions: 12->14(32)
[2023-03-26T22:02:09.431+0800][gc,heap       ] GC(4) Old regions: 2->2
[2023-03-26T22:02:09.431+0800][gc,heap       ] GC(4) Humongous regions: 0->0
[2023-03-26T22:02:09.431+0800][gc,metaspace  ] GC(4) Metaspace: 24698K(25600K)->24698K(25600K) NonClass: 21743K(22272K)->21743K(22272K) Class: 2954K(3328K)->2954K(3328K)
[2023-03-26T22:02:09.431+0800][gc            ] GC(4) Pause Young (Normal) (G1 Evacuation Pause) 256M->14M(512M) 4.376ms
[2023-03-26T22:02:09.431+0800][gc,cpu        ] GC(4) User=0.06s Sys=0.00s Real=0.00s
[2023-03-26T22:02:10.004+0800][gc,start      ] GC(5) Pause Young (Normal) (G1 Evacuation Pause)
[2023-03-26T22:02:10.004+0800][gc,task       ] GC(5) Using 12 workers of 13 for evacuation
[2023-03-26T22:02:10.009+0800][gc,phases     ] GC(5)   Pre Evacuate Collection Set: 0.0ms
[2023-03-26T22:02:10.009+0800][gc,phases     ] GC(5)   Evacuate Collection Set: 4.3ms
[2023-03-26T22:02:10.009+0800][gc,phases     ] GC(5)   Post Evacuate Collection Set: 0.7ms
[2023-03-26T22:02:10.009+0800][gc,phases     ] GC(5)   Other: 0.1ms
[2023-03-26T22:02:10.009+0800][gc,heap       ] GC(5) Eden regions: 242->0(239)
[2023-03-26T22:02:10.009+0800][gc,heap       ] GC(5) Survivor regions: 14->17(32)
[2023-03-26T22:02:10.009+0800][gc,heap       ] GC(5) Old regions: 2->2
[2023-03-26T22:02:10.009+0800][gc,heap       ] GC(5) Humongous regions: 0->0
[2023-03-26T22:02:10.009+0800][gc,metaspace  ] GC(5) Metaspace: 29942K(31232K)->29942K(31232K) NonClass: 26329K(27136K)->26329K(27136K) Class: 3613K(4096K)->3613K(4096K)
[2023-03-26T22:02:10.009+0800][gc            ] GC(5) Pause Young (Normal) (G1 Evacuation Pause) 256M->17M(512M) 5.118ms
[2023-03-26T22:02:10.009+0800][gc,cpu        ] GC(5) User=0.07s Sys=0.00s Real=0.01s
[2023-03-26T22:02:10.328+0800][gc,start      ] GC(6) Pause Young (Concurrent Start) (Metadata GC Threshold)
[2023-03-26T22:02:10.328+0800][gc,task       ] GC(6) Using 12 workers of 13 for evacuation
[2023-03-26T22:02:10.343+0800][gc,phases     ] GC(6)   Pre Evacuate Collection Set: 0.1ms
[2023-03-26T22:02:10.343+0800][gc,phases     ] GC(6)   Evacuate Collection Set: 14.1ms
[2023-03-26T22:02:10.343+0800][gc,phases     ] GC(6)   Post Evacuate Collection Set: 0.7ms
[2023-03-26T22:02:10.343+0800][gc,phases     ] GC(6)   Other: 0.2ms
[2023-03-26T22:02:10.343+0800][gc,heap       ] GC(6) Eden regions: 119->0(233)
[2023-03-26T22:02:10.343+0800][gc,heap       ] GC(6) Survivor regions: 17->23(32)
[2023-03-26T22:02:10.343+0800][gc,heap       ] GC(6) Old regions: 2->2
[2023-03-26T22:02:10.343+0800][gc,heap       ] GC(6) Humongous regions: 0->0
[2023-03-26T22:02:10.343+0800][gc,metaspace  ] GC(6) Metaspace: 34760K(35840K)->34760K(35840K) NonClass: 30552K(31232K)->30552K(31232K) Class: 4207K(4608K)->4207K(4608K)
[2023-03-26T22:02:10.343+0800][gc            ] GC(6) Pause Young (Concurrent Start) (Metadata GC Threshold) 136M->22M(512M) 15.082ms
[2023-03-26T22:02:10.343+0800][gc,cpu        ] GC(6) User=0.11s Sys=0.00s Real=0.01s
[2023-03-26T22:02:10.343+0800][gc            ] GC(7) Concurrent Cycle
[2023-03-26T22:02:10.343+0800][gc,marking    ] GC(7) Concurrent Clear Claimed Marks
[2023-03-26T22:02:10.344+0800][gc,marking    ] GC(7) Concurrent Clear Claimed Marks 0.087ms
[2023-03-26T22:02:10.344+0800][gc,marking    ] GC(7) Concurrent Scan Root Regions
[2023-03-26T22:02:10.347+0800][gc,marking    ] GC(7) Concurrent Scan Root Regions 3.075ms
[2023-03-26T22:02:10.347+0800][gc,marking    ] GC(7) Concurrent Mark (2.431s)
[2023-03-26T22:02:10.347+0800][gc,marking    ] GC(7) Concurrent Mark From Roots
[2023-03-26T22:02:10.347+0800][gc,task       ] GC(7) Using 3 workers of 3 for marking
[2023-03-26T22:02:10.348+0800][gc,marking    ] GC(7) Concurrent Mark From Roots 1.099ms
[2023-03-26T22:02:10.348+0800][gc,marking    ] GC(7) Concurrent Preclean
[2023-03-26T22:02:10.348+0800][gc,marking    ] GC(7) Concurrent Preclean 0.063ms
[2023-03-26T22:02:10.348+0800][gc,marking    ] GC(7) Concurrent Mark (2.431s, 2.432s) 1.212ms
[2023-03-26T22:02:10.348+0800][gc,start      ] GC(7) Pause Remark
[2023-03-26T22:02:10.350+0800][gc,stringtable] GC(7) Cleaned string and symbol table, strings: 17132 processed, 0 removed, symbols: 97009 processed, 382 removed
[2023-03-26T22:02:10.351+0800][gc            ] GC(7) Pause Remark 23M->23M(512M) 2.652ms
[2023-03-26T22:02:10.351+0800][gc,cpu        ] GC(7) User=0.04s Sys=0.00s Real=0.00s
[2023-03-26T22:02:10.351+0800][gc,marking    ] GC(7) Concurrent Rebuild Remembered Sets
[2023-03-26T22:02:10.351+0800][gc,marking    ] GC(7) Concurrent Rebuild Remembered Sets 0.422ms
[2023-03-26T22:02:10.351+0800][gc,start      ] GC(7) Pause Cleanup
[2023-03-26T22:02:10.351+0800][gc            ] GC(7) Pause Cleanup 23M->23M(512M) 0.152ms
[2023-03-26T22:02:10.351+0800][gc,cpu        ] GC(7) User=0.00s Sys=0.00s Real=0.00s
[2023-03-26T22:02:10.351+0800][gc,marking    ] GC(7) Concurrent Cleanup for Next Mark
[2023-03-26T22:02:10.352+0800][gc,marking    ] GC(7) Concurrent Cleanup for Next Mark 0.941ms
[2023-03-26T22:02:10.352+0800][gc            ] GC(7) Concurrent Cycle 8.941ms
[2023-03-26T22:02:10.998+0800][gc,start      ] GC(8) Pause Young (Normal) (G1 Evacuation Pause)
[2023-03-26T22:02:10.998+0800][gc,task       ] GC(8) Using 12 workers of 13 for evacuation
[2023-03-26T22:02:11.006+0800][gc,phases     ] GC(8)   Pre Evacuate Collection Set: 0.0ms
[2023-03-26T22:02:11.006+0800][gc,phases     ] GC(8)   Evacuate Collection Set: 7.1ms
[2023-03-26T22:02:11.006+0800][gc,phases     ] GC(8)   Post Evacuate Collection Set: 0.8ms
[2023-03-26T22:02:11.006+0800][gc,phases     ] GC(8)   Other: 0.1ms
[2023-03-26T22:02:11.006+0800][gc,heap       ] GC(8) Eden regions: 233->0(234)
[2023-03-26T22:02:11.006+0800][gc,heap       ] GC(8) Survivor regions: 23->22(32)
[2023-03-26T22:02:11.006+0800][gc,heap       ] GC(8) Old regions: 2->8
[2023-03-26T22:02:11.006+0800][gc,heap       ] GC(8) Humongous regions: 0->0
[2023-03-26T22:02:11.006+0800][gc,metaspace  ] GC(8) Metaspace: 42484K(43776K)->42484K(43776K) NonClass: 37415K(38144K)->37415K(38144K) Class: 5069K(5632K)->5069K(5632K)
[2023-03-26T22:02:11.006+0800][gc            ] GC(8) Pause Young (Normal) (G1 Evacuation Pause) 255M->27M(512M) 8.126ms
[2023-03-26T22:02:11.006+0800][gc,cpu        ] GC(8) User=0.09s Sys=0.01s Real=0.01s
[2023-03-26T22:02:12.013+0800][gc,start      ] GC(9) Pause Young (Normal) (G1 Evacuation Pause)
[2023-03-26T22:02:12.013+0800][gc,task       ] GC(9) Using 13 workers of 13 for evacuation
[2023-03-26T22:02:12.021+0800][gc,phases     ] GC(9)   Pre Evacuate Collection Set: 0.0ms
[2023-03-26T22:02:12.021+0800][gc,phases     ] GC(9)   Evacuate Collection Set: 6.8ms
[2023-03-26T22:02:12.021+0800][gc,phases     ] GC(9)   Post Evacuate Collection Set: 1.2ms
[2023-03-26T22:02:12.021+0800][gc,phases     ] GC(9)   Other: 0.3ms
[2023-03-26T22:02:12.021+0800][gc,heap       ] GC(9) Eden regions: 234->0(232)
[2023-03-26T22:02:12.021+0800][gc,heap       ] GC(9) Survivor regions: 22->24(32)
[2023-03-26T22:02:12.021+0800][gc,heap       ] GC(9) Old regions: 8->13
[2023-03-26T22:02:12.021+0800][gc,heap       ] GC(9) Humongous regions: 0->0
[2023-03-26T22:02:12.021+0800][gc,metaspace  ] GC(9) Metaspace: 55950K(57600K)->55950K(57600K) NonClass: 49345K(50176K)->49345K(50176K) Class: 6605K(7424K)->6605K(7424K)
[2023-03-26T22:02:12.021+0800][gc            ] GC(9) Pause Young (Normal) (G1 Evacuation Pause) 261M->34M(512M) 8.363ms
[2023-03-26T22:02:12.021+0800][gc,cpu        ] GC(9) User=0.12s Sys=0.00s Real=0.01s
[2023-03-26T22:02:12.297+0800][gc,start      ] GC(10) Pause Young (Concurrent Start) (Metadata GC Threshold)
[2023-03-26T22:02:12.297+0800][gc,task       ] GC(10) Using 13 workers of 13 for evacuation
[2023-03-26T22:02:12.303+0800][gc,phases     ] GC(10)   Pre Evacuate Collection Set: 0.1ms
[2023-03-26T22:02:12.303+0800][gc,phases     ] GC(10)   Evacuate Collection Set: 5.3ms
[2023-03-26T22:02:12.303+0800][gc,phases     ] GC(10)   Post Evacuate Collection Set: 0.4ms
[2023-03-26T22:02:12.303+0800][gc,phases     ] GC(10)   Other: 0.2ms
[2023-03-26T22:02:12.303+0800][gc,heap       ] GC(10) Eden regions: 88->0(239)
[2023-03-26T22:02:12.303+0800][gc,heap       ] GC(10) Survivor regions: 24->17(32)
[2023-03-26T22:02:12.303+0800][gc,heap       ] GC(10) Old regions: 13->23
[2023-03-26T22:02:12.303+0800][gc,heap       ] GC(10) Humongous regions: 0->0
[2023-03-26T22:02:12.303+0800][gc,metaspace  ] GC(10) Metaspace: 58436K(60160K)->58436K(60160K) NonClass: 51524K(52352K)->51524K(52352K) Class: 6912K(7808K)->6912K(7808K)
[2023-03-26T22:02:12.303+0800][gc            ] GC(10) Pause Young (Concurrent Start) (Metadata GC Threshold) 122M->38M(512M) 5.981ms
[2023-03-26T22:02:12.303+0800][gc,cpu        ] GC(10) User=0.06s Sys=0.01s Real=0.00s
[2023-03-26T22:02:12.303+0800][gc            ] GC(11) Concurrent Cycle
[2023-03-26T22:02:12.303+0800][gc,marking    ] GC(11) Concurrent Clear Claimed Marks
[2023-03-26T22:02:12.304+0800][gc,marking    ] GC(11) Concurrent Clear Claimed Marks 0.101ms
[2023-03-26T22:02:12.304+0800][gc,marking    ] GC(11) Concurrent Scan Root Regions
[2023-03-26T22:02:12.308+0800][gc,marking    ] GC(11) Concurrent Scan Root Regions 4.433ms
[2023-03-26T22:02:12.308+0800][gc,marking    ] GC(11) Concurrent Mark (4.392s)
[2023-03-26T22:02:12.308+0800][gc,marking    ] GC(11) Concurrent Mark From Roots
[2023-03-26T22:02:12.308+0800][gc,task       ] GC(11) Using 3 workers of 3 for marking
[2023-03-26T22:02:12.318+0800][gc,marking    ] GC(11) Concurrent Mark From Roots 10.271ms
[2023-03-26T22:02:12.318+0800][gc,marking    ] GC(11) Concurrent Preclean
[2023-03-26T22:02:12.318+0800][gc,marking    ] GC(11) Concurrent Preclean 0.114ms
[2023-03-26T22:02:12.319+0800][gc,marking    ] GC(11) Concurrent Mark (4.392s, 4.403s) 10.442ms
[2023-03-26T22:02:12.319+0800][gc,start      ] GC(11) Pause Remark
[2023-03-26T22:02:12.321+0800][gc,stringtable] GC(11) Cleaned string and symbol table, strings: 29139 processed, 30 removed, symbols: 153215 processed, 214 removed
[2023-03-26T22:02:12.321+0800][gc            ] GC(11) Pause Remark 40M->40M(512M) 2.791ms
[2023-03-26T22:02:12.321+0800][gc,cpu        ] GC(11) User=0.05s Sys=0.00s Real=0.00s
[2023-03-26T22:02:12.322+0800][gc,marking    ] GC(11) Concurrent Rebuild Remembered Sets
[2023-03-26T22:02:12.328+0800][gc,marking    ] GC(11) Concurrent Rebuild Remembered Sets 6.844ms
[2023-03-26T22:02:12.329+0800][gc,start      ] GC(11) Pause Cleanup
[2023-03-26T22:02:12.329+0800][gc            ] GC(11) Pause Cleanup 42M->42M(512M) 0.088ms
[2023-03-26T22:02:12.329+0800][gc,cpu        ] GC(11) User=0.00s Sys=0.00s Real=0.00s
[2023-03-26T22:02:12.329+0800][gc,marking    ] GC(11) Concurrent Cleanup for Next Mark
[2023-03-26T22:02:12.329+0800][gc,marking    ] GC(11) Concurrent Cleanup for Next Mark 0.236ms
[2023-03-26T22:02:12.329+0800][gc            ] GC(11) Concurrent Cycle 25.534ms
[2023-03-26T22:03:38.390+0800][gc,heap,exit  ] Heap
[2023-03-26T22:03:38.390+0800][gc,heap,exit  ]  garbage-first heap   total 524288K, used 279690K [0x00000000e0000000, 0x0000000100000000)
[2023-03-26T22:03:38.390+0800][gc,heap,exit  ]   region size 1024K, 252 young (258048K), 17 survivors (17408K)
[2023-03-26T22:03:38.390+0800][gc,heap,exit  ]  Metaspace       used 64171K, capacity 66061K, committed 66176K, reserved 1107968K
[2023-03-26T22:03:38.390+0800][gc,heap,exit  ]   class space    used 7643K, capacity 8522K, committed 8576K, reserved 1048576K
