[2023-03-26T22:03:40.876+0800][gc,heap] Heap region size: 1M
[2023-03-26T22:03:40.879+0800][gc     ] Using G1
[2023-03-26T22:03:40.879+0800][gc,heap,coops] Heap address: 0x00000000e0000000, size: 512 MB, Compressed Oops mode: 32-bit
[2023-03-26T22:03:40.879+0800][gc,cds       ] Mark closed archive regions in map: [0x00000000ffe00000, 0x00000000ffe6aff8]
[2023-03-26T22:03:40.879+0800][gc,cds       ] Mark open archive regions in map: [0x00000000ffc00000, 0x00000000ffc47ff8]
[2023-03-26T22:03:41.533+0800][gc,start     ] GC(0) Pause Young (Normal) (G1 Evacuation Pause)
[2023-03-26T22:03:41.534+0800][gc,task      ] GC(0) Using 12 workers of 13 for evacuation
[2023-03-26T22:03:41.540+0800][gc,phases    ] GC(0)   Pre Evacuate Collection Set: 0.0ms
[2023-03-26T22:03:41.540+0800][gc,phases    ] GC(0)   Evacuate Collection Set: 5.4ms
[2023-03-26T22:03:41.540+0800][gc,phases    ] GC(0)   Post Evacuate Collection Set: 0.5ms
[2023-03-26T22:03:41.540+0800][gc,phases    ] GC(0)   Other: 0.8ms
[2023-03-26T22:03:41.540+0800][gc,heap      ] GC(0) Eden regions: 256->0(250)
[2023-03-26T22:03:41.540+0800][gc,heap      ] GC(0) Survivor regions: 0->6(32)
[2023-03-26T22:03:41.540+0800][gc,heap      ] GC(0) Old regions: 2->2
[2023-03-26T22:03:41.540+0800][gc,heap      ] GC(0) Humongous regions: 0->0
[2023-03-26T22:03:41.540+0800][gc,metaspace ] GC(0) Metaspace: 14388K(15104K)->14388K(15104K) NonClass: 12648K(13056K)->12648K(13056K) Class: 1739K(2048K)->1739K(2048K)
[2023-03-26T22:03:41.540+0800][gc           ] GC(0) Pause Young (Normal) (G1 Evacuation Pause) 256M->6M(512M) 6.816ms
[2023-03-26T22:03:41.540+0800][gc,cpu       ] GC(0) User=0.07s Sys=0.00s Real=0.01s
[2023-03-26T22:03:41.755+0800][gc,start     ] GC(1) Pause Young (Concurrent Start) (Metadata GC Threshold)
[2023-03-26T22:03:41.755+0800][gc,task      ] GC(1) Using 12 workers of 13 for evacuation
[2023-03-26T22:03:41.761+0800][gc,phases    ] GC(1)   Pre Evacuate Collection Set: 0.0ms
[2023-03-26T22:03:41.761+0800][gc,phases    ] GC(1)   Evacuate Collection Set: 5.0ms
[2023-03-26T22:03:41.761+0800][gc,phases    ] GC(1)   Post Evacuate Collection Set: 0.4ms
[2023-03-26T22:03:41.761+0800][gc,phases    ] GC(1)   Other: 0.2ms
[2023-03-26T22:03:41.761+0800][gc,heap      ] GC(1) Eden regions: 159->0(248)
[2023-03-26T22:03:41.761+0800][gc,heap      ] GC(1) Survivor regions: 6->8(32)
[2023-03-26T22:03:41.761+0800][gc,heap      ] GC(1) Old regions: 2->2
[2023-03-26T22:03:41.761+0800][gc,heap      ] GC(1) Humongous regions: 0->0
[2023-03-26T22:03:41.761+0800][gc,metaspace ] GC(1) Metaspace: 20538K(21248K)->20538K(21248K) NonClass: 18046K(18432K)->18046K(18432K) Class: 2492K(2816K)->2492K(2816K)
[2023-03-26T22:03:41.761+0800][gc           ] GC(1) Pause Young (Concurrent Start) (Metadata GC Threshold) 164M->8M(512M) 5.562ms
[2023-03-26T22:03:41.761+0800][gc,cpu       ] GC(1) User=0.08s Sys=0.00s Real=0.01s
[2023-03-26T22:03:41.761+0800][gc           ] GC(2) Concurrent Cycle
[2023-03-26T22:03:41.761+0800][gc,marking   ] GC(2) Concurrent Clear Claimed Marks
[2023-03-26T22:03:41.761+0800][gc,marking   ] GC(2) Concurrent Clear Claimed Marks 0.030ms
[2023-03-26T22:03:41.761+0800][gc,marking   ] GC(2) Concurrent Scan Root Regions
[2023-03-26T22:03:41.763+0800][gc,marking   ] GC(2) Concurrent Scan Root Regions 1.737ms
[2023-03-26T22:03:41.763+0800][gc,marking   ] GC(2) Concurrent Mark (0.888s)
[2023-03-26T22:03:41.763+0800][gc,marking   ] GC(2) Concurrent Mark From Roots
[2023-03-26T22:03:41.763+0800][gc,task      ] GC(2) Using 3 workers of 3 for marking
[2023-03-26T22:03:41.763+0800][gc,marking   ] GC(2) Concurrent Mark From Roots 0.850ms
[2023-03-26T22:03:41.764+0800][gc,marking   ] GC(2) Concurrent Preclean
[2023-03-26T22:03:41.764+0800][gc,marking   ] GC(2) Concurrent Preclean 0.075ms
[2023-03-26T22:03:41.764+0800][gc,marking   ] GC(2) Concurrent Mark (0.888s, 0.889s) 0.970ms
[2023-03-26T22:03:41.764+0800][gc,start     ] GC(2) Pause Remark
[2023-03-26T22:03:41.765+0800][gc,stringtable] GC(2) Cleaned string and symbol table, strings: 7908 processed, 0 removed, symbols: 54544 processed, 109 removed
[2023-03-26T22:03:41.766+0800][gc            ] GC(2) Pause Remark 9M->9M(512M) 1.811ms
[2023-03-26T22:03:41.766+0800][gc,cpu        ] GC(2) User=0.04s Sys=0.00s Real=0.01s
[2023-03-26T22:03:41.766+0800][gc,marking    ] GC(2) Concurrent Rebuild Remembered Sets
[2023-03-26T22:03:41.766+0800][gc,marking    ] GC(2) Concurrent Rebuild Remembered Sets 0.394ms
[2023-03-26T22:03:41.766+0800][gc,start      ] GC(2) Pause Cleanup
[2023-03-26T22:03:41.766+0800][gc            ] GC(2) Pause Cleanup 9M->9M(512M) 0.106ms
[2023-03-26T22:03:41.766+0800][gc,cpu        ] GC(2) User=0.00s Sys=0.00s Real=0.00s
[2023-03-26T22:03:41.766+0800][gc,marking    ] GC(2) Concurrent Cleanup for Next Mark
[2023-03-26T22:03:41.767+0800][gc,marking    ] GC(2) Concurrent Cleanup for Next Mark 0.947ms
[2023-03-26T22:03:41.767+0800][gc            ] GC(2) Concurrent Cycle 6.346ms
[2023-03-26T22:03:42.204+0800][gc,start      ] GC(3) Pause Young (Normal) (G1 Evacuation Pause)
[2023-03-26T22:03:42.204+0800][gc,task       ] GC(3) Using 12 workers of 13 for evacuation
[2023-03-26T22:03:42.208+0800][gc,phases     ] GC(3)   Pre Evacuate Collection Set: 0.0ms
[2023-03-26T22:03:42.208+0800][gc,phases     ] GC(3)   Evacuate Collection Set: 3.3ms
[2023-03-26T22:03:42.208+0800][gc,phases     ] GC(3)   Post Evacuate Collection Set: 0.5ms
[2023-03-26T22:03:42.208+0800][gc,phases     ] GC(3)   Other: 0.1ms
[2023-03-26T22:03:42.208+0800][gc,heap       ] GC(3) Eden regions: 248->0(244)
[2023-03-26T22:03:42.208+0800][gc,heap       ] GC(3) Survivor regions: 8->12(32)
[2023-03-26T22:03:42.208+0800][gc,heap       ] GC(3) Old regions: 2->2
[2023-03-26T22:03:42.208+0800][gc,heap       ] GC(3) Humongous regions: 0->0
[2023-03-26T22:03:42.208+0800][gc,metaspace  ] GC(3) Metaspace: 24141K(24960K)->24141K(24960K) NonClass: 21251K(21760K)->21251K(21760K) Class: 2890K(3200K)->2890K(3200K)
[2023-03-26T22:03:42.208+0800][gc            ] GC(3) Pause Young (Normal) (G1 Evacuation Pause) 256M->12M(512M) 4.024ms
[2023-03-26T22:03:42.208+0800][gc,cpu        ] GC(3) User=0.04s Sys=0.01s Real=0.01s
[2023-03-26T22:03:42.407+0800][gc,start      ] GC(4) Pause Young (Normal) (G1 Evacuation Pause)
[2023-03-26T22:03:42.407+0800][gc,task       ] GC(4) Using 12 workers of 13 for evacuation
[2023-03-26T22:03:42.411+0800][gc,phases     ] GC(4)   Pre Evacuate Collection Set: 0.0ms
[2023-03-26T22:03:42.411+0800][gc,phases     ] GC(4)   Evacuate Collection Set: 3.4ms
[2023-03-26T22:03:42.411+0800][gc,phases     ] GC(4)   Post Evacuate Collection Set: 0.4ms
[2023-03-26T22:03:42.411+0800][gc,phases     ] GC(4)   Other: 0.1ms
[2023-03-26T22:03:42.411+0800][gc,heap       ] GC(4) Eden regions: 244->0(242)
[2023-03-26T22:03:42.411+0800][gc,heap       ] GC(4) Survivor regions: 12->14(32)
[2023-03-26T22:03:42.411+0800][gc,heap       ] GC(4) Old regions: 2->2
[2023-03-26T22:03:42.411+0800][gc,heap       ] GC(4) Humongous regions: 0->0
[2023-03-26T22:03:42.411+0800][gc,metaspace  ] GC(4) Metaspace: 24593K(25600K)->24593K(25600K) NonClass: 21643K(22272K)->21643K(22272K) Class: 2950K(3328K)->2950K(3328K)
[2023-03-26T22:03:42.411+0800][gc            ] GC(4) Pause Young (Normal) (G1 Evacuation Pause) 256M->14M(512M) 4.024ms
[2023-03-26T22:03:42.411+0800][gc,cpu        ] GC(4) User=0.05s Sys=0.00s Real=0.00s
[2023-03-26T22:03:42.942+0800][gc,start      ] GC(5) Pause Young (Normal) (G1 Evacuation Pause)
[2023-03-26T22:03:42.942+0800][gc,task       ] GC(5) Using 12 workers of 13 for evacuation
[2023-03-26T22:03:42.948+0800][gc,phases     ] GC(5)   Pre Evacuate Collection Set: 0.0ms
[2023-03-26T22:03:42.948+0800][gc,phases     ] GC(5)   Evacuate Collection Set: 5.7ms
[2023-03-26T22:03:42.948+0800][gc,phases     ] GC(5)   Post Evacuate Collection Set: 0.8ms
[2023-03-26T22:03:42.948+0800][gc,phases     ] GC(5)   Other: 0.1ms
[2023-03-26T22:03:42.948+0800][gc,heap       ] GC(5) Eden regions: 242->0(239)
[2023-03-26T22:03:42.948+0800][gc,heap       ] GC(5) Survivor regions: 14->17(32)
[2023-03-26T22:03:42.948+0800][gc,heap       ] GC(5) Old regions: 2->2
[2023-03-26T22:03:42.948+0800][gc,heap       ] GC(5) Humongous regions: 0->0
[2023-03-26T22:03:42.948+0800][gc,metaspace  ] GC(5) Metaspace: 29473K(30592K)->29473K(30592K) NonClass: 25914K(26624K)->25914K(26624K) Class: 3558K(3968K)->3558K(3968K)
[2023-03-26T22:03:42.948+0800][gc            ] GC(5) Pause Young (Normal) (G1 Evacuation Pause) 256M->16M(512M) 6.619ms
[2023-03-26T22:03:42.948+0800][gc,cpu        ] GC(5) User=0.10s Sys=0.00s Real=0.01s
[2023-03-26T22:03:43.308+0800][gc,start      ] GC(6) Pause Young (Concurrent Start) (Metadata GC Threshold)
[2023-03-26T22:03:43.308+0800][gc,task       ] GC(6) Using 12 workers of 13 for evacuation
[2023-03-26T22:03:43.324+0800][gc,phases     ] GC(6)   Pre Evacuate Collection Set: 0.1ms
[2023-03-26T22:03:43.324+0800][gc,phases     ] GC(6)   Evacuate Collection Set: 14.8ms
[2023-03-26T22:03:43.324+0800][gc,phases     ] GC(6)   Post Evacuate Collection Set: 0.7ms
[2023-03-26T22:03:43.324+0800][gc,phases     ] GC(6)   Other: 0.2ms
[2023-03-26T22:03:43.324+0800][gc,heap       ] GC(6) Eden regions: 137->0(233)
[2023-03-26T22:03:43.324+0800][gc,heap       ] GC(6) Survivor regions: 17->23(32)
[2023-03-26T22:03:43.324+0800][gc,heap       ] GC(6) Old regions: 2->2
[2023-03-26T22:03:43.324+0800][gc,heap       ] GC(6) Humongous regions: 0->0
[2023-03-26T22:03:43.324+0800][gc,metaspace  ] GC(6) Metaspace: 34887K(35840K)->34887K(35840K) NonClass: 30664K(31232K)->30664K(31232K) Class: 4223K(4608K)->4223K(4608K)
[2023-03-26T22:03:43.324+0800][gc            ] GC(6) Pause Young (Concurrent Start) (Metadata GC Threshold) 153M->23M(512M) 15.837ms
[2023-03-26T22:03:43.324+0800][gc,cpu        ] GC(6) User=0.11s Sys=0.01s Real=0.02s
[2023-03-26T22:03:43.324+0800][gc            ] GC(7) Concurrent Cycle
[2023-03-26T22:03:43.324+0800][gc,marking    ] GC(7) Concurrent Clear Claimed Marks
[2023-03-26T22:03:43.324+0800][gc,marking    ] GC(7) Concurrent Clear Claimed Marks 0.082ms
[2023-03-26T22:03:43.324+0800][gc,marking    ] GC(7) Concurrent Scan Root Regions
[2023-03-26T22:03:43.327+0800][gc,marking    ] GC(7) Concurrent Scan Root Regions 2.673ms
[2023-03-26T22:03:43.327+0800][gc,marking    ] GC(7) Concurrent Mark (2.453s)
[2023-03-26T22:03:43.327+0800][gc,marking    ] GC(7) Concurrent Mark From Roots
[2023-03-26T22:03:43.327+0800][gc,task       ] GC(7) Using 3 workers of 3 for marking
[2023-03-26T22:03:43.328+0800][gc,marking    ] GC(7) Concurrent Mark From Roots 0.854ms
[2023-03-26T22:03:43.328+0800][gc,marking    ] GC(7) Concurrent Preclean
[2023-03-26T22:03:43.328+0800][gc,marking    ] GC(7) Concurrent Preclean 0.069ms
[2023-03-26T22:03:43.328+0800][gc,marking    ] GC(7) Concurrent Mark (2.453s, 2.454s) 0.955ms
[2023-03-26T22:03:43.328+0800][gc,start      ] GC(7) Pause Remark
[2023-03-26T22:03:43.332+0800][gc,stringtable] GC(7) Cleaned string and symbol table, strings: 17203 processed, 0 removed, symbols: 97527 processed, 392 removed
[2023-03-26T22:03:43.332+0800][gc            ] GC(7) Pause Remark 25M->25M(512M) 3.877ms
[2023-03-26T22:03:43.332+0800][gc,cpu        ] GC(7) User=0.05s Sys=0.00s Real=0.00s
[2023-03-26T22:03:43.332+0800][gc,marking    ] GC(7) Concurrent Rebuild Remembered Sets
[2023-03-26T22:03:43.332+0800][gc,marking    ] GC(7) Concurrent Rebuild Remembered Sets 0.410ms
[2023-03-26T22:03:43.333+0800][gc,start      ] GC(7) Pause Cleanup
[2023-03-26T22:03:43.333+0800][gc            ] GC(7) Pause Cleanup 25M->25M(512M) 0.123ms
[2023-03-26T22:03:43.333+0800][gc,cpu        ] GC(7) User=0.00s Sys=0.00s Real=0.00s
[2023-03-26T22:03:43.333+0800][gc,marking    ] GC(7) Concurrent Cleanup for Next Mark
[2023-03-26T22:03:43.334+0800][gc,marking    ] GC(7) Concurrent Cleanup for Next Mark 0.887ms
[2023-03-26T22:03:43.334+0800][gc            ] GC(7) Concurrent Cycle 9.346ms
[2023-03-26T22:03:44.016+0800][gc,start      ] GC(8) Pause Young (Normal) (G1 Evacuation Pause)
[2023-03-26T22:03:44.016+0800][gc,task       ] GC(8) Using 12 workers of 13 for evacuation
[2023-03-26T22:03:44.025+0800][gc,phases     ] GC(8)   Pre Evacuate Collection Set: 0.0ms
[2023-03-26T22:03:44.025+0800][gc,phases     ] GC(8)   Evacuate Collection Set: 7.8ms
[2023-03-26T22:03:44.025+0800][gc,phases     ] GC(8)   Post Evacuate Collection Set: 0.9ms
[2023-03-26T22:03:44.025+0800][gc,phases     ] GC(8)   Other: 0.1ms
[2023-03-26T22:03:44.025+0800][gc,heap       ] GC(8) Eden regions: 233->0(236)
[2023-03-26T22:03:44.025+0800][gc,heap       ] GC(8) Survivor regions: 23->20(32)
[2023-03-26T22:03:44.025+0800][gc,heap       ] GC(8) Old regions: 2->10
[2023-03-26T22:03:44.025+0800][gc,heap       ] GC(8) Humongous regions: 0->0
[2023-03-26T22:03:44.025+0800][gc,metaspace  ] GC(8) Metaspace: 42664K(44032K)->42664K(44032K) NonClass: 37566K(38400K)->37566K(38400K) Class: 5097K(5632K)->5097K(5632K)
[2023-03-26T22:03:44.025+0800][gc            ] GC(8) Pause Young (Normal) (G1 Evacuation Pause) 256M->27M(512M) 8.878ms
[2023-03-26T22:03:44.025+0800][gc,cpu        ] GC(8) User=0.12s Sys=0.01s Real=0.02s
[2023-03-26T22:03:44.976+0800][gc,start      ] GC(9) Pause Young (Normal) (G1 Evacuation Pause)
[2023-03-26T22:03:44.976+0800][gc,task       ] GC(9) Using 13 workers of 13 for evacuation
[2023-03-26T22:03:44.982+0800][gc,phases     ] GC(9)   Pre Evacuate Collection Set: 0.0ms
[2023-03-26T22:03:44.982+0800][gc,phases     ] GC(9)   Evacuate Collection Set: 5.5ms
[2023-03-26T22:03:44.982+0800][gc,phases     ] GC(9)   Post Evacuate Collection Set: 0.6ms
[2023-03-26T22:03:44.982+0800][gc,phases     ] GC(9)   Other: 0.2ms
[2023-03-26T22:03:44.982+0800][gc,heap       ] GC(9) Eden regions: 236->0(232)
[2023-03-26T22:03:44.982+0800][gc,heap       ] GC(9) Survivor regions: 20->24(32)
[2023-03-26T22:03:44.982+0800][gc,heap       ] GC(9) Old regions: 10->13
[2023-03-26T22:03:44.982+0800][gc,heap       ] GC(9) Humongous regions: 0->0
[2023-03-26T22:03:44.982+0800][gc,metaspace  ] GC(9) Metaspace: 56149K(57856K)->56149K(57856K) NonClass: 49495K(50432K)->49495K(50432K) Class: 6654K(7424K)->6654K(7424K)
[2023-03-26T22:03:44.982+0800][gc            ] GC(9) Pause Young (Normal) (G1 Evacuation Pause) 263M->34M(512M) 6.428ms
[2023-03-26T22:03:44.982+0800][gc,cpu        ] GC(9) User=0.09s Sys=0.00s Real=0.01s
[2023-03-26T22:03:45.276+0800][gc,start      ] GC(10) Pause Young (Concurrent Start) (Metadata GC Threshold)
[2023-03-26T22:03:45.276+0800][gc,task       ] GC(10) Using 13 workers of 13 for evacuation
[2023-03-26T22:03:45.284+0800][gc,phases     ] GC(10)   Pre Evacuate Collection Set: 0.1ms
[2023-03-26T22:03:45.284+0800][gc,phases     ] GC(10)   Evacuate Collection Set: 7.6ms
[2023-03-26T22:03:45.284+0800][gc,phases     ] GC(10)   Post Evacuate Collection Set: 0.4ms
[2023-03-26T22:03:45.284+0800][gc,phases     ] GC(10)   Other: 0.2ms
[2023-03-26T22:03:45.284+0800][gc,heap       ] GC(10) Eden regions: 75->0(241)
[2023-03-26T22:03:45.284+0800][gc,heap       ] GC(10) Survivor regions: 24->15(32)
[2023-03-26T22:03:45.284+0800][gc,heap       ] GC(10) Old regions: 13->24
[2023-03-26T22:03:45.284+0800][gc,heap       ] GC(10) Humongous regions: 0->0
[2023-03-26T22:03:45.284+0800][gc,metaspace  ] GC(10) Metaspace: 58329K(60160K)->58329K(60160K) NonClass: 51405K(52352K)->51405K(52352K) Class: 6924K(7808K)->6924K(7808K)
[2023-03-26T22:03:45.284+0800][gc            ] GC(10) Pause Young (Concurrent Start) (Metadata GC Threshold) 109M->36M(512M) 8.453ms
[2023-03-26T22:03:45.284+0800][gc,cpu        ] GC(10) User=0.11s Sys=0.01s Real=0.02s
[2023-03-26T22:03:45.284+0800][gc            ] GC(11) Concurrent Cycle
[2023-03-26T22:03:45.284+0800][gc,marking    ] GC(11) Concurrent Clear Claimed Marks
[2023-03-26T22:03:45.284+0800][gc,marking    ] GC(11) Concurrent Clear Claimed Marks 0.124ms
[2023-03-26T22:03:45.284+0800][gc,marking    ] GC(11) Concurrent Scan Root Regions
[2023-03-26T22:03:45.289+0800][gc,marking    ] GC(11) Concurrent Scan Root Regions 4.284ms
[2023-03-26T22:03:45.289+0800][gc,marking    ] GC(11) Concurrent Mark (4.415s)
[2023-03-26T22:03:45.289+0800][gc,marking    ] GC(11) Concurrent Mark From Roots
[2023-03-26T22:03:45.289+0800][gc,task       ] GC(11) Using 3 workers of 3 for marking
[2023-03-26T22:03:45.302+0800][gc,marking    ] GC(11) Concurrent Mark From Roots 13.614ms
[2023-03-26T22:03:45.302+0800][gc,marking    ] GC(11) Concurrent Preclean
[2023-03-26T22:03:45.303+0800][gc,marking    ] GC(11) Concurrent Preclean 0.159ms
[2023-03-26T22:03:45.303+0800][gc,marking    ] GC(11) Concurrent Mark (4.415s, 4.428s) 13.843ms
[2023-03-26T22:03:45.303+0800][gc,start      ] GC(11) Pause Remark
[2023-03-26T22:03:45.307+0800][gc,stringtable] GC(11) Cleaned string and symbol table, strings: 28918 processed, 30 removed, symbols: 153398 processed, 214 removed
[2023-03-26T22:03:45.307+0800][gc            ] GC(11) Pause Remark 40M->40M(512M) 4.398ms
[2023-03-26T22:03:45.307+0800][gc,cpu        ] GC(11) User=0.06s Sys=0.00s Real=0.01s
[2023-03-26T22:03:45.307+0800][gc,marking    ] GC(11) Concurrent Rebuild Remembered Sets
[2023-03-26T22:03:45.318+0800][gc,marking    ] GC(11) Concurrent Rebuild Remembered Sets 10.630ms
[2023-03-26T22:03:45.318+0800][gc,start      ] GC(11) Pause Cleanup
[2023-03-26T22:03:45.318+0800][gc            ] GC(11) Pause Cleanup 42M->42M(512M) 0.139ms
[2023-03-26T22:03:45.318+0800][gc,cpu        ] GC(11) User=0.00s Sys=0.00s Real=0.00s
[2023-03-26T22:03:45.318+0800][gc,marking    ] GC(11) Concurrent Cleanup for Next Mark
[2023-03-26T22:03:45.319+0800][gc,marking    ] GC(11) Concurrent Cleanup for Next Mark 0.252ms
[2023-03-26T22:03:45.319+0800][gc            ] GC(11) Concurrent Cycle 34.273ms
[2023-03-26T22:04:16.934+0800][gc,start      ] GC(12) Pause Young (Normal) (G1 Evacuation Pause)
[2023-03-26T22:04:16.934+0800][gc,task       ] GC(12) Using 13 workers of 13 for evacuation
[2023-03-26T22:04:16.941+0800][gc,phases     ] GC(12)   Pre Evacuate Collection Set: 0.0ms
[2023-03-26T22:04:16.941+0800][gc,phases     ] GC(12)   Evacuate Collection Set: 6.9ms
[2023-03-26T22:04:16.941+0800][gc,phases     ] GC(12)   Post Evacuate Collection Set: 0.5ms
[2023-03-26T22:04:16.941+0800][gc,phases     ] GC(12)   Other: 0.2ms
[2023-03-26T22:04:16.941+0800][gc,heap       ] GC(12) Eden regions: 241->0(239)
[2023-03-26T22:04:16.941+0800][gc,heap       ] GC(12) Survivor regions: 15->17(32)
[2023-03-26T22:04:16.941+0800][gc,heap       ] GC(12) Old regions: 24->24
[2023-03-26T22:04:16.941+0800][gc,heap       ] GC(12) Humongous regions: 12->12
[2023-03-26T22:04:16.941+0800][gc,metaspace  ] GC(12) Metaspace: 63815K(65920K)->63815K(65920K) NonClass: 56197K(57344K)->56197K(57344K) Class: 7617K(8576K)->7617K(8576K)
[2023-03-26T22:04:16.941+0800][gc            ] GC(12) Pause Young (Normal) (G1 Evacuation Pause) 289M->50M(512M) 7.680ms
[2023-03-26T22:04:16.942+0800][gc,cpu        ] GC(12) User=0.09s Sys=0.00s Real=0.01s
